[htmlmystore.justthemevalley.com/fancy/version2/index.html]
[backblue.gif]
[fade.gif]
[index.html]
[htmlmystore.justthemevalley.com/fancy/version2/favicon.ico]
[htmlmystore.justthemevalley.com/fancy/version2/checkout.html]
[htmlmystore.justthemevalley.com/fancy/version2/register_page.html]
[htmlmystore.justthemevalley.com/fancy/version2/account_page.html]
[htmlmystore.justthemevalley.com/fancy/version2/images/logo.png]
[htmlmystore.justthemevalley.com/fancy/version2/compare.html]
[htmlmystore.justthemevalley.com/fancy/version2/shop_grid.html]
[htmlmystore.justthemevalley.com/fancy/version2/images/menu-img2.jpg]
[htmlmystore.justthemevalley.com/fancy/version2/images/menu-img1.jpg]
[htmlmystore.justthemevalley.com/fancy/version2/images/menu-img3.jpg]
[htmlmystore.justthemevalley.com/fancy/version2/images/e-img1.jpg]
[htmlmystore.justthemevalley.com/fancy/version2/images/e-img2.jpg]
[htmlmystore.justthemevalley.com/fancy/version2/images/e-img3.jpg]
[htmlmystore.justthemevalley.com/fancy/version2/images/e-img4.jpg]
[htmlmystore.justthemevalley.com/fancy/version2/images/menu-img4.jpg]
[htmlmystore.justthemevalley.com/fancy/version2/shop_grid_right_sidebar.html]
[htmlmystore.justthemevalley.com/fancy/version2/shop_list.html]
[htmlmystore.justthemevalley.com/fancy/version2/shop_list_right_sidebar.html]
[htmlmystore.justthemevalley.com/fancy/version2/shop_grid_full_width.html]
[htmlmystore.justthemevalley.com/fancy/version2/wishlist.html]
[htmlmystore.justthemevalley.com/fancy/version2/shopping_cart.html]
[htmlmystore.justthemevalley.com/fancy/version2/faq.html]
[htmlmystore.justthemevalley.com/fancy/version2/single_product.html]
[htmlmystore.justthemevalley.com/fancy/version2/single_product_right_sidebar.html]
[htmlmystore.justthemevalley.com/fancy/version2/single_product_left_sidebar.html]
[htmlmystore.justthemevalley.com/fancy/version2/single_product_magnific_popup.html]
[htmlmystore.justthemevalley.com/fancy/version2/cat-4-col-full.html]
[htmlmystore.justthemevalley.com/fancy/version2/create_account_page.html]
[htmlmystore.justthemevalley.com/fancy/version2/about_us.html]
[htmlmystore.justthemevalley.com/fancy/version2/contact_us.html]
[htmlmystore.justthemevalley.com/fancy/version2/404error.html]
[htmlmystore.justthemevalley.com/fancy/version2/blog.html]
[htmlmystore.justthemevalley.com/fancy/version2/blog_right_sidebar.html]
[htmlmystore.justthemevalley.com/fancy/version2/blog_left_sidebar.html]
[htmlmystore.justthemevalley.com/fancy/version2/blog_full_width.html]
[htmlmystore.justthemevalley.com/fancy/version2/single_post.html]
[htmlmystore.justthemevalley.com/fancy/version2/images/slider/slider-img1.jpg]
[htmlmystore.justthemevalley.com/fancy/version2/images/slider/slider-img2.jpg]
[htmlmystore.justthemevalley.com/fancy/version2/images/products/img02.jpg]
[htmlmystore.justthemevalley.com/fancy/version2/images/products/img08.jpg]
[htmlmystore.justthemevalley.com/fancy/version2/images/products/img06.jpg]
[htmlmystore.justthemevalley.com/fancy/version2/images/products/img15.jpg]
[htmlmystore.justthemevalley.com/fancy/version2/images/products/img11.jpg]
[htmlmystore.justthemevalley.com/fancy/version2/images/products/img16.jpg]
[htmlmystore.justthemevalley.com/fancy/version2/images/products/img18.jpg]
[htmlmystore.justthemevalley.com/fancy/version2/images/products/img09.jpg]
[htmlmystore.justthemevalley.com/fancy/version2/images/products/img03.jpg]
[htmlmystore.justthemevalley.com/fancy/version2/images/banner3.jpg]
[htmlmystore.justthemevalley.com/fancy/version2/images/banner4.jpg]
[htmlmystore.justthemevalley.com/fancy/version2/images/banner5.jpg]
[htmlmystore.justthemevalley.com/fancy/version2/images/products/img01.jpg]
[htmlmystore.justthemevalley.com/fancy/version2/images/products/img10.jpg]
[htmlmystore.justthemevalley.com/fancy/version2/images/products/img17.jpg]
[htmlmystore.justthemevalley.com/fancy/version2/images/products/img04.jpg]
[htmlmystore.justthemevalley.com/fancy/version2/images/products/img05.jpg]
[htmlmystore.justthemevalley.com/fancy/version2/images/products/img20.jpg]
[htmlmystore.justthemevalley.com/fancy/version2/images/products/img19.jpg]
[htmlmystore.justthemevalley.com/fancy/version2/images/products/img07.jpg]
[htmlmystore.justthemevalley.com/fancy/version2/images/products/img12.jpg]
[htmlmystore.justthemevalley.com/fancy/version2/images/products/img14.jpg]
[htmlmystore.justthemevalley.com/fancy/version2/images/products/img13.jpg]
[htmlmystore.justthemevalley.com/fancy/version2/images/home-banner4.jpg]
[htmlmystore.justthemevalley.com/fancy/version2/images/blog-img8.jpg]
[htmlmystore.justthemevalley.com/fancy/version2/images/blog-img9.jpg]
[htmlmystore.justthemevalley.com/fancy/version2/images/blog-img10.jpg]
[htmlmystore.justthemevalley.com/fancy/version2/images/blog-img11.jpg]
[htmlmystore.justthemevalley.com/fancy/version2/images/top-banner5.jpg]
[htmlmystore.justthemevalley.com/fancy/version2/images/top-banner3.jpg]
[htmlmystore.justthemevalley.com/fancy/version2/images/top-banner4.jpg]
[htmlmystore.justthemevalley.com/fancy/version2/images/top-banner2.jpg]
[htmlmystore.justthemevalley.com/fancy/version2/images/brand1.png]
[htmlmystore.justthemevalley.com/fancy/version2/images/brand2.png]
[htmlmystore.justthemevalley.com/fancy/version2/images/brand3.png]
[htmlmystore.justthemevalley.com/fancy/version2/images/brand4.png]
[htmlmystore.justthemevalley.com/fancy/version2/images/brand5.png]
[htmlmystore.justthemevalley.com/fancy/version2/images/brand6.png]
[htmlmystore.justthemevalley.com/fancy/version2/images/brand7.png]
[htmlmystore.justthemevalley.com/fancy/version2/images/footer-logo.png]
[htmlmystore.justthemevalley.com/fancy/version2/sitemap.html]
[htmlmystore.justthemevalley.com/fancy/version2/images/visa.png]
[htmlmystore.justthemevalley.com/fancy/version2/images/paypal.png]
[htmlmystore.justthemevalley.com/fancy/version2/images/discover.png]
[htmlmystore.justthemevalley.com/fancy/version2/images/master-card.png]
[htmlmystore.justthemevalley.com/fancy/version2/js/jquery.min.js]
[htmlmystore.justthemevalley.com/fancy/version2/js/bootstrap.min.js]
[htmlmystore.justthemevalley.com/fancy/version2/js/owl.carousel.min.js]
[htmlmystore.justthemevalley.com/fancy/version2/js/jquery.meanmenu.min.js]
[htmlmystore.justthemevalley.com/fancy/version2/js/jquery-ui.js]
[htmlmystore.justthemevalley.com/fancy/version2/js/countdown.js]
[htmlmystore.justthemevalley.com/fancy/version2/js/wow.min.js]
[htmlmystore.justthemevalley.com/fancy/version2/js/jtv-mobile-menu.js]
[htmlmystore.justthemevalley.com/fancy/version2/js/main.js]
[htmlmystore.justthemevalley.com/fancy/version2/js/jquery.nivo.slider.js]
[htmlmystore.justthemevalley.com/fancy/version2/index.html]
[htmlmystore.justthemevalley.com/fancy/version2/style.css]
[htmlmystore.justthemevalley.com/fancy/version2/checkout.html]
[htmlmystore.justthemevalley.com/fancy/version2/register_page.html]
[htmlmystore.justthemevalley.com/fancy/version2/account_page.html]
[htmlmystore.justthemevalley.com/fancy/version2/compare.html]
[htmlmystore.justthemevalley.com/fancy/version2/images/cat-img2.jpg]
[htmlmystore.justthemevalley.com/fancy/version2/images/cat-img1.jpg]
[htmlmystore.justthemevalley.com/fancy/version2/images/add-slide1.jpg]
[htmlmystore.justthemevalley.com/fancy/version2/images/add-slide2.jpg]
[htmlmystore.justthemevalley.com/fancy/version2/images/add-slide3.jpg]
[htmlmystore.justthemevalley.com/fancy/version2/shop_grid.html]
[htmlmystore.justthemevalley.com/fancy/version2/shop_grid_right_sidebar.html]
[htmlmystore.justthemevalley.com/fancy/version2/shop_list.html]
[htmlmystore.justthemevalley.com/fancy/version2/shop_list_right_sidebar.html]
[htmlmystore.justthemevalley.com/fancy/version2/shop_grid_full_width.html]
[htmlmystore.justthemevalley.com/fancy/version2/wishlist.html]
[htmlmystore.justthemevalley.com/fancy/version2/shopping_cart.html]
[htmlmystore.justthemevalley.com/fancy/version2/images/faq-banner.png]
[htmlmystore.justthemevalley.com/fancy/version2/faq.html]
[htmlmystore.justthemevalley.com/fancy/version2/js/jquery.bxslider.js]
[htmlmystore.justthemevalley.com/fancy/version2/js/jquery.flexslider.js]
[htmlmystore.justthemevalley.com/fancy/version2/js/cloud-zoom.js]
[htmlmystore.justthemevalley.com/fancy/version2/single_product.html]
[htmlmystore.justthemevalley.com/fancy/version2/single_product_right_sidebar.html]
[htmlmystore.justthemevalley.com/fancy/version2/single_product_left_sidebar.html]
[htmlmystore.justthemevalley.com/fancy/version2/images/zoom.png]
[htmlmystore.justthemevalley.com/fancy/version2/js/magnific-popup.js]
[htmlmystore.justthemevalley.com/fancy/version2/single_product_magnific_popup.html]
[htmlmystore.justthemevalley.com/fancy/version2/cat-4-col-full.html]
[htmlmystore.justthemevalley.com/fancy/version2/create_account_page.html]
[htmlmystore.justthemevalley.com/fancy/version2/images/about_us_slide1.jpg]
[htmlmystore.justthemevalley.com/fancy/version2/images/about_us_slide2.jpg]
[htmlmystore.justthemevalley.com/fancy/version2/images/about_us_slide3.jpg]
[htmlmystore.justthemevalley.com/fancy/version2/images/team-img01.jpg]
[htmlmystore.justthemevalley.com/fancy/version2/images/team-img02.jpg]
[htmlmystore.justthemevalley.com/fancy/version2/images/team-img03.jpg]
[htmlmystore.justthemevalley.com/fancy/version2/images/team-img04.jpg]
[htmlmystore.justthemevalley.com/fancy/version2/about_us.html]
[htmlmystore.justthemevalley.com/fancy/version2/contact_us.html]
[htmlmystore.justthemevalley.com/fancy/version2/404error.html]
[htmlmystore.justthemevalley.com/fancy/version2/images/blog-img1.jpg]
[htmlmystore.justthemevalley.com/fancy/version2/images/blog-img3.jpg]
[htmlmystore.justthemevalley.com/fancy/version2/images/blog-img4.jpg]
[htmlmystore.justthemevalley.com/fancy/version2/images/blog-img5.jpg]
[htmlmystore.justthemevalley.com/fancy/version2/images/blog-img6.jpg]
[htmlmystore.justthemevalley.com/fancy/version2/images/blog-img7.jpg]
[htmlmystore.justthemevalley.com/fancy/version2/blog.html]
[htmlmystore.justthemevalley.com/fancy/version2/images/blog-img2.jpg]
[htmlmystore.justthemevalley.com/fancy/version2/blog_right_sidebar.html]
[htmlmystore.justthemevalley.com/fancy/version2/blog_left_sidebar.html]
[htmlmystore.justthemevalley.com/fancy/version2/blog_full_width.html]
[htmlmystore.justthemevalley.com/fancy/version2/images/blog-lg-img.jpg]
[htmlmystore.justthemevalley.com/fancy/version2/images/avatar.png]
[htmlmystore.justthemevalley.com/fancy/version2/single_post.html]
[htmlmystore.justthemevalley.com/fancy/version2/images/large-icon-sitemap.png]
[htmlmystore.justthemevalley.com/fancy/version2/sitemap.html]
[htmlmystore.justthemevalley.com/fancy/version2/cat-4-col.html]
[htmlmystore.justthemevalley.com/fancy/version2/fonts/glyphicons-halflings-regular.eot]
[htmlmystore.justthemevalley.com/fancy/version2/fonts/glyphicons-halflings-regulard41d.eot]
[htmlmystore.justthemevalley.com/fancy/version2/fonts/glyphicons-halflings-regular.woff]
[htmlmystore.justthemevalley.com/fancy/version2/fonts/glyphicons-halflings-regular.ttf]
[htmlmystore.justthemevalley.com/fancy/version2/css/bootstrap.min.css]
[htmlmystore.justthemevalley.com/fancy/version2/css/animate.css]
[htmlmystore.justthemevalley.com/fancy/version2/fonts/font-awesome/fontawesome-webfont5b62.eot]
[htmlmystore.justthemevalley.com/fancy/version2/fonts/font-awesome/fontawesome-webfontd41d.eot]
[htmlmystore.justthemevalley.com/fancy/version2/fonts/font-awesome/fontawesome-webfont5b62.woff2]
[htmlmystore.justthemevalley.com/fancy/version2/fonts/font-awesome/fontawesome-webfont5b62.woff]
[htmlmystore.justthemevalley.com/fancy/version2/fonts/font-awesome/fontawesome-webfont5b62.ttf]
[htmlmystore.justthemevalley.com/fancy/version2/css/font-awesome.min.css]
[htmlmystore.justthemevalley.com/fancy/version2/fonts/simple-line-icons/Simple-Line-Icons.eot]
[htmlmystore.justthemevalley.com/fancy/version2/fonts/simple-line-icons/Simple-Line-Icons.woff]
[htmlmystore.justthemevalley.com/fancy/version2/fonts/simple-line-icons/Simple-Line-Iconsd41d.eot]
[htmlmystore.justthemevalley.com/fancy/version2/fonts/simple-line-icons/Simple-Line-Icons.ttf]
[htmlmystore.justthemevalley.com/fancy/version2/css/simple-line-icons.css]
[htmlmystore.justthemevalley.com/fancy/version2/fonts/Pe-icon-7-strokebb1d.eot]
[htmlmystore.justthemevalley.com/fancy/version2/fonts/Pe-icon-7-stroked41d.eot]
[htmlmystore.justthemevalley.com/fancy/version2/fonts/Pe-icon-7-strokebb1d.woff]
[htmlmystore.justthemevalley.com/fancy/version2/fonts/Pe-icon-7-strokebb1d.ttf]
[htmlmystore.justthemevalley.com/fancy/version2/css/pe-icon-7-stroke.min.css]
[htmlmystore.justthemevalley.com/fancy/version2/css/meanmenu.min.css]
[htmlmystore.justthemevalley.com/fancy/version2/css/owl.carousel.css]
[htmlmystore.justthemevalley.com/fancy/version2/css/owl.transitions.css]
[htmlmystore.justthemevalley.com/fancy/version2/css/nivo-slider.css]
[htmlmystore.justthemevalley.com/fancy/version2/css/jquery-ui.min.css]
[htmlmystore.justthemevalley.com/fancy/version2/css/jtv-mobile-menu.css]
[htmlmystore.justthemevalley.com/fancy/version2/css/blog.css]
[htmlmystore.justthemevalley.com/fancy/version2/css/slick.min.css]
[htmlmystore.justthemevalley.com/fancy/version2/fonts/robotocondensed/b9QBgL0iMZfDSpmcXcE8nNeiznanRB67rGZDYkMvKPc.woff]
[htmlmystore.justthemevalley.com/fancy/version2/fonts/robotocondensed/Zd2E9abXLFGSr9G3YK2MsFzqCfRpIA3W6ypxnPISCPA.woff]
[htmlmystore.justthemevalley.com/fancy/version2/fonts/robotocondensed/b9QBgL0iMZfDSpmcXcE8nCSLrGe-fkSRw2DeVgOoWcQ.woff]
[htmlmystore.justthemevalley.com/fancy/version2/images/newsletter-bg.png]
[htmlmystore.justthemevalley.com/fancy/version2/images/cat-select-arrow.png]
[htmlmystore.justthemevalley.com/fancy/version2/images/select-arrow.png]
[htmlmystore.justthemevalley.com/fancy/version2/images/promotion-bg.jpg]
[htmlmystore.justthemevalley.com/fancy/version2/images/map.png]
[htmlmystore.justthemevalley.com/fancy/version2/images/arrow-d.png]
[htmlmystore.justthemevalley.com/fancy/version2/images/plus-d2.png]
[htmlmystore.justthemevalley.com/fancy/version2/images/minus-d1.png]
[htmlmystore.justthemevalley.com/fancy/version2/images/checkbox.png]
[htmlmystore.justthemevalley.com/fancy/version2/images/checked.png]
[htmlmystore.justthemevalley.com/fancy/version2/css/style.css]
[htmlmystore.justthemevalley.com/fancy/version2/css/responsive.css]
[htmlmystore.justthemevalley.com/fancy/version2/multiple_addresses.html]
[htmlmystore.justthemevalley.com/fancy/version2/images/add-banner.html]
[htmlmystore.justthemevalley.com/fancy/version2/fonts/glyphicons-halflings-regular.html]
[htmlmystore.justthemevalley.com/fancy/version2/fonts/glyphicons-halflings-regular.svg]
[htmlmystore.justthemevalley.com/fancy/version2/fonts/font-awesome/fontawesome-webfont5b62.svg]
[htmlmystore.justthemevalley.com/fancy/version2/fonts/simple-line-icons/Simple-Line-Icons.svg]
[htmlmystore.justthemevalley.com/fancy/version2/fonts/Pe-icon-7-strokebb1d.svg]
[htmlmystore.justthemevalley.com/fancy/version2/css/grabbing.html]
[htmlmystore.justthemevalley.com/fancy/version2/css/images/ui-bg_highlight-soft_100_eeeeee_1x100.html]
[htmlmystore.justthemevalley.com/fancy/version2/css/images/ui-bg_gloss-wave_35_f6a828_500x100.html]
[htmlmystore.justthemevalley.com/fancy/version2/css/images/ui-bg_glass_100_f6f6f6_1x400.html]
[htmlmystore.justthemevalley.com/fancy/version2/css/images/ui-bg_glass_100_fdf5ce_1x400.html]
[htmlmystore.justthemevalley.com/fancy/version2/css/images/ui-bg_glass_65_ffffff_1x400.html]
[htmlmystore.justthemevalley.com/fancy/version2/css/images/ui-bg_highlight-soft_75_ffe45c_1x100.html]
[htmlmystore.justthemevalley.com/fancy/version2/css/images/ui-bg_diagonals-thick_18_b81900_40x40.html]
[htmlmystore.justthemevalley.com/fancy/version2/css/images/ui-icons_222222_256x240.html]
[htmlmystore.justthemevalley.com/fancy/version2/css/images/ui-icons_ffffff_256x240.html]
[htmlmystore.justthemevalley.com/fancy/version2/css/images/ui-icons_ef8c08_256x240.html]
[htmlmystore.justthemevalley.com/fancy/version2/css/images/ui-icons_228ef1_256x240.html]
[htmlmystore.justthemevalley.com/fancy/version2/css/images/ui-icons_ffd27a_256x240.html]
[htmlmystore.justthemevalley.com/fancy/version2/css/images/ui-bg_diagonals-thick_20_666666_40x40.html]
[htmlmystore.justthemevalley.com/fancy/version2/css/images/ui-bg_flat_10_000000_40x100.html]
